// Jest Snapshot v1, https://goo.gl/fbAQLP

exports[`Subscriptions should render without crashing 1`] = `
<div
  className="cover-spin"
  id="cover-spin"
/>
`;
